// Jest Snapshot v1, https://goo.gl/fbAQLP

exports[`errors #error assets code 404 1`] = `"received is not a function"`;

exports[`errors #error code 404 1`] = `"received is not a function"`;

exports[`errors #error wrong output directory 1`] = `"received is not a function"`;
